[webdesign-finder.com/html/plastrix/index.html]
[backblue.gif]
[fade.gif]
[index.html]
[webdesign-finder.com/html/plastrix/css/bootstrap.min.css]
[webdesign-finder.com/html/plastrix/css/fonts.css]
[webdesign-finder.com/html/plastrix/css/shop.css]
[webdesign-finder.com/html/plastrix/images/logo.png]
[webdesign-finder.com/html/plastrix/index-2.html]
[webdesign-finder.com/html/plastrix/index-static.html]
[webdesign-finder.com/html/plastrix/index-single.html]
[webdesign-finder.com/html/plastrix/about.html]
[webdesign-finder.com/html/plastrix/shortcodes_teasers.html]
[webdesign-finder.com/html/plastrix/shortcodes_typography.html]
[webdesign-finder.com/html/plastrix/shortcodes_buttons.html]
[webdesign-finder.com/html/plastrix/shortcodes_progress.html]
[webdesign-finder.com/html/plastrix/shortcodes_tabs.html]
[webdesign-finder.com/html/plastrix/shortcodes_bootstrap.html]
[webdesign-finder.com/html/plastrix/shortcodes_widgets.html]
[webdesign-finder.com/html/plastrix/shortcodes_animation.html]
[webdesign-finder.com/html/plastrix/shortcodes_icons.html]
[webdesign-finder.com/html/plastrix/team.html]
[webdesign-finder.com/html/plastrix/timetable.html]
[webdesign-finder.com/html/plastrix/shortcodes_socialicons.html]
[webdesign-finder.com/html/plastrix/events-left.html]
[webdesign-finder.com/html/plastrix/events-right.html]
[webdesign-finder.com/html/plastrix/events-full.html]
[webdesign-finder.com/html/plastrix/event-single-left.html]
[webdesign-finder.com/html/plastrix/event-single-right.html]
[webdesign-finder.com/html/plastrix/event-single-full.html]
[webdesign-finder.com/html/plastrix/comingsoon1.html]
[webdesign-finder.com/html/plastrix/comingsoon2.html]
[webdesign-finder.com/html/plastrix/faq.html]
[webdesign-finder.com/html/plastrix/faq2.html]
[webdesign-finder.com/html/plastrix/404.html]
[webdesign-finder.com/html/plastrix/4042.html]
[webdesign-finder.com/html/plastrix/services.html]
[webdesign-finder.com/html/plastrix/header1.html]
[webdesign-finder.com/html/plastrix/header2.html]
[webdesign-finder.com/html/plastrix/header3.html]
[webdesign-finder.com/html/plastrix/header4.html]
[webdesign-finder.com/html/plastrix/header5.html]
[webdesign-finder.com/html/plastrix/header6.html]
[webdesign-finder.com/html/plastrix/header7.html]
[webdesign-finder.com/html/plastrix/header8.html]
[webdesign-finder.com/html/plastrix/header_side1.html]
[webdesign-finder.com/html/plastrix/header_side2.html]
[webdesign-finder.com/html/plastrix/header_side3.html]
[webdesign-finder.com/html/plastrix/header_side4.html]
[webdesign-finder.com/html/plastrix/header_side7.html]
[webdesign-finder.com/html/plastrix/header_side8.html]
[webdesign-finder.com/html/plastrix/header_side_superfish.html]
[webdesign-finder.com/html/plastrix/header_side_sticked.html]
[webdesign-finder.com/html/plastrix/breadcrumbs1.html]
[webdesign-finder.com/html/plastrix/breadcrumbs2.html]
[webdesign-finder.com/html/plastrix/breadcrumbs3.html]
[webdesign-finder.com/html/plastrix/breadcrumbs4.html]
[webdesign-finder.com/html/plastrix/breadcrumbs5.html]
[webdesign-finder.com/html/plastrix/breadcrumbs6.html]
[webdesign-finder.com/html/plastrix/footer1.html]
[webdesign-finder.com/html/plastrix/footer2.html]
[webdesign-finder.com/html/plastrix/footer3.html]
[webdesign-finder.com/html/plastrix/footer4.html]
[webdesign-finder.com/html/plastrix/footer5.html]
[webdesign-finder.com/html/plastrix/footer6.html]
[webdesign-finder.com/html/plastrix/copyright1.html]
[webdesign-finder.com/html/plastrix/copyright2.html]
[webdesign-finder.com/html/plastrix/copyright3.html]
[webdesign-finder.com/html/plastrix/copyright4.html]
[webdesign-finder.com/html/plastrix/gallery-regular-2-cols.html]
[webdesign-finder.com/html/plastrix/gallery-regular-3-cols.html]
[webdesign-finder.com/html/plastrix/gallery-fullwidth.html]
[webdesign-finder.com/html/plastrix/gallery-fullwidth-3-cols.html]
[webdesign-finder.com/html/plastrix/gallery-fullwidth-4-cols.html]
[webdesign-finder.com/html/plastrix/gallery-extended.html]
[webdesign-finder.com/html/plastrix/gallery-extended-2-cols.html]
[webdesign-finder.com/html/plastrix/gallery-extended-3-cols.html]
[webdesign-finder.com/html/plastrix/gallery-carousel.html]
[webdesign-finder.com/html/plastrix/gallery-carousel-2-cols.html]
[webdesign-finder.com/html/plastrix/gallery-carousel-3-cols.html]
[webdesign-finder.com/html/plastrix/gallery-tile.html]
[webdesign-finder.com/html/plastrix/gallery-left.html]
[webdesign-finder.com/html/plastrix/gallery-left-2-cols.html]
[webdesign-finder.com/html/plastrix/gallery-right.html]
[webdesign-finder.com/html/plastrix/gallery-right-2-cols.html]
[webdesign-finder.com/html/plastrix/gallery-single.html]
[webdesign-finder.com/html/plastrix/gallery-single2.html]
[webdesign-finder.com/html/plastrix/gallery-single3.html]
[webdesign-finder.com/html/plastrix/blog-right.html]
[webdesign-finder.com/html/plastrix/blog-left.html]
[webdesign-finder.com/html/plastrix/blog-full.html]
[webdesign-finder.com/html/plastrix/blog-mosaic.html]
[webdesign-finder.com/html/plastrix/blog-single-right.html]
[webdesign-finder.com/html/plastrix/blog-single-left.html]
[webdesign-finder.com/html/plastrix/blog-single-full.html]
[webdesign-finder.com/html/plastrix/blog-single-video-right.html]
[webdesign-finder.com/html/plastrix/blog-single-video-left.html]
[webdesign-finder.com/html/plastrix/blog-single-video-full.html]
[webdesign-finder.com/html/plastrix/shop.html]
[webdesign-finder.com/html/plastrix/shop-product.html]
[webdesign-finder.com/html/plastrix/shop-cart.html]
[webdesign-finder.com/html/plastrix/shop-checkout.html]
[webdesign-finder.com/html/plastrix/shop-register.html]
[webdesign-finder.com/html/plastrix/contact.html]
[webdesign-finder.com/html/plastrix/contact2.html]
[webdesign-finder.com/html/plastrix/contact3.html]
[webdesign-finder.com/html/plastrix/contact4.html]
[webdesign-finder.com/html/plastrix/images/slide01.jpg]
[webdesign-finder.com/html/plastrix/images/slide02.jpg]
[webdesign-finder.com/html/plastrix/images/slide03.jpg]
[webdesign-finder.com/html/plastrix/images/quote-person.jpg]
[webdesign-finder.com/html/plastrix/service-single.html]
[webdesign-finder.com/html/plastrix/images/services-square/02.jpg]
[webdesign-finder.com/html/plastrix/images/services-square/03.jpg]
[webdesign-finder.com/html/plastrix/images/services-square/04.jpg]
[webdesign-finder.com/html/plastrix/images/services-square/05.jpg]
[webdesign-finder.com/html/plastrix/images/services-square/06.jpg]
[webdesign-finder.com/html/plastrix/images/gallery-square/01.jpg]
[webdesign-finder.com/html/plastrix/images/gallery/01.jpg]
[webdesign-finder.com/html/plastrix/images/gallery-square/02.jpg]
[webdesign-finder.com/html/plastrix/images/gallery/02.jpg]
[webdesign-finder.com/html/plastrix/images/gallery-square/03.jpg]
[webdesign-finder.com/html/plastrix/images/gallery/03.jpg]
[webdesign-finder.com/html/plastrix/images/gallery-square/04.jpg]
[webdesign-finder.com/html/plastrix/images/gallery/04.jpg]
[webdesign-finder.com/html/plastrix/images/gallery-square/05.jpg]
[webdesign-finder.com/html/plastrix/images/gallery/05.jpg]
[webdesign-finder.com/html/plastrix/images/gallery-square/06.jpg]
[webdesign-finder.com/html/plastrix/images/gallery/06.jpg]
[webdesign-finder.com/html/plastrix/images/gallery-square/07.jpg]
[webdesign-finder.com/html/plastrix/images/gallery/07.jpg]
[webdesign-finder.com/html/plastrix/images/gallery-square/08.jpg]
[webdesign-finder.com/html/plastrix/images/gallery/08.jpg]
[webdesign-finder.com/html/plastrix/images/gallery-square/09.jpg]
[webdesign-finder.com/html/plastrix/images/gallery/09.jpg]
[webdesign-finder.com/html/plastrix/images/gallery-square/10.jpg]
[webdesign-finder.com/html/plastrix/images/gallery/10.jpg]
[webdesign-finder.com/html/plastrix/images/gallery-square/11.jpg]
[webdesign-finder.com/html/plastrix/images/gallery/11.jpg]
[webdesign-finder.com/html/plastrix/images/gallery-square/12.jpg]
[webdesign-finder.com/html/plastrix/images/gallery/12.jpg]
[webdesign-finder.com/html/plastrix/images/team/01.jpg]
[webdesign-finder.com/html/plastrix/images/team/02.jpg]
[webdesign-finder.com/html/plastrix/team-single.html]
[webdesign-finder.com/html/plastrix/images/team/03.jpg]
[webdesign-finder.com/html/plastrix/images/team/04.jpg]
[webdesign-finder.com/html/plastrix/images/partners/01.png]
[webdesign-finder.com/html/plastrix/images/partners/03.png]
[webdesign-finder.com/html/plastrix/images/partners/04.png]
[webdesign-finder.com/html/plastrix/images/partners/06.png]
[webdesign-finder.com/html/plastrix/images/partners/07.png]
[webdesign-finder.com/html/plastrix/images/gallery-square/13.jpg]
[webdesign-finder.com/html/plastrix/blog-@@type.a0.delayed]
[webdesign-finder.com/html/plastrix/images/gallery-square/14.jpg]
[webdesign-finder.com/html/plastrix/images/logo-footer.png]
[webdesign-finder.com/html/plastrix/js/selectize.min.js]
[webdesign-finder.com/html/plastrix/index.html]
[webdesign-finder.com/html/plastrix/index-2.html]
[webdesign-finder.com/html/plastrix/index-static.html]
[webdesign-finder.com/html/plastrix/index-single.html]
[webdesign-finder.com/html/plastrix/images/logo-light.png]
[webdesign-finder.com/html/plastrix/about.html]
[webdesign-finder.com/html/plastrix/shortcodes_teasers.html]
[webdesign-finder.com/html/plastrix/shortcodes_typography.html]
[webdesign-finder.com/html/plastrix/shortcodes_buttons.html]
[webdesign-finder.com/html/plastrix/shortcodes_progress.html]
[webdesign-finder.com/html/plastrix/images/recent_post1.jpg]
[webdesign-finder.com/html/plastrix/images/recent_post2.jpg]
[webdesign-finder.com/html/plastrix/shortcodes_tabs.html]
[webdesign-finder.com/html/plastrix/shortcodes_bootstrap.html]
[webdesign-finder.com/html/plastrix/shortcodes_widgets.html]
[webdesign-finder.com/html/plastrix/shortcodes_animation.html]
[webdesign-finder.com/html/plastrix/shortcodes_icons.html]
[webdesign-finder.com/html/plastrix/shortcodes_socialicons.html]
[webdesign-finder.com/html/plastrix/images/team/05.jpg]
[webdesign-finder.com/html/plastrix/team.html]
[webdesign-finder.com/html/plastrix/timetable.html]
[webdesign-finder.com/html/plastrix/events-left.html]
[webdesign-finder.com/html/plastrix/events-right.html]
[webdesign-finder.com/html/plastrix/events-full.html]
[webdesign-finder.com/html/plastrix/images/team/06.jpg]
[webdesign-finder.com/html/plastrix/images/faces/01.jpg]
[webdesign-finder.com/html/plastrix/images/faces/02.jpg]
[webdesign-finder.com/html/plastrix/images/faces/03.jpg]
[webdesign-finder.com/html/plastrix/images/faces/04.jpg]
[webdesign-finder.com/html/plastrix/event-single-left.html]
[webdesign-finder.com/html/plastrix/images/faces/05.jpg]
[webdesign-finder.com/html/plastrix/event-single-right.html]
[webdesign-finder.com/html/plastrix/event-single-full.html]
[webdesign-finder.com/html/plastrix/comingsoon1.html]
[webdesign-finder.com/html/plastrix/comingsoon2.html]
[webdesign-finder.com/html/plastrix/faq.html]
[webdesign-finder.com/html/plastrix/faq2.html]
[webdesign-finder.com/html/plastrix/404.html]
[webdesign-finder.com/html/plastrix/4042.html]
[webdesign-finder.com/html/plastrix/services.html]
[webdesign-finder.com/html/plastrix/header1.html]
[webdesign-finder.com/html/plastrix/header2.html]
[webdesign-finder.com/html/plastrix/header3.html]
[webdesign-finder.com/html/plastrix/header4.html]
[webdesign-finder.com/html/plastrix/contacts.html]
[webdesign-finder.com/html/plastrix/header5.html]
[webdesign-finder.com/html/plastrix/header6.html]
[webdesign-finder.com/html/plastrix/header7.html]
[webdesign-finder.com/html/plastrix/header8.html]
[webdesign-finder.com/html/plastrix/header_side1.html]
[webdesign-finder.com/html/plastrix/header_side2.html]
[webdesign-finder.com/html/plastrix/header_side3.html]
[webdesign-finder.com/html/plastrix/header_side4.html]
[webdesign-finder.com/html/plastrix/header_side7.html]
[webdesign-finder.com/html/plastrix/header_side8.html]
[webdesign-finder.com/html/plastrix/header_side_superfish.html]
[webdesign-finder.com/html/plastrix/header_side_sticked.html]
[webdesign-finder.com/html/plastrix/breadcrumbs1.html]
[webdesign-finder.com/html/plastrix/breadcrumbs2.html]
[webdesign-finder.com/html/plastrix/breadcrumbs3.html]
[webdesign-finder.com/html/plastrix/breadcrumbs4.html]
[webdesign-finder.com/html/plastrix/breadcrumbs5.html]
[webdesign-finder.com/html/plastrix/breadcrumbs6.html]
[webdesign-finder.com/html/plastrix/footer1.html]
[webdesign-finder.com/html/plastrix/footer2.html]
[webdesign-finder.com/html/plastrix/footer3.html]
[webdesign-finder.com/html/plastrix/footer4.html]
[webdesign-finder.com/html/plastrix/footer5.html]
[webdesign-finder.com/html/plastrix/footer6.html]
[webdesign-finder.com/html/plastrix/copyright1.html]
[webdesign-finder.com/html/plastrix/copyright2.html]
[webdesign-finder.com/html/plastrix/copyright3.html]
[webdesign-finder.com/html/plastrix/copyright4.html]
[webdesign-finder.com/html/plastrix/header_side6.html]
[webdesign-finder.com/html/plastrix/header_side5.html]
[webdesign-finder.com/html/plastrix/gallery-regular.html]
[webdesign-finder.com/html/plastrix/gallery-regular-2-cols.html]
[webdesign-finder.com/html/plastrix/gallery-regular-3-cols.html]
[webdesign-finder.com/html/plastrix/gallery-fullwidth.html]
[webdesign-finder.com/html/plastrix/gallery-fullwidth-3-cols.html]
[webdesign-finder.com/html/plastrix/gallery-fullwidth-4-cols.html]
[webdesign-finder.com/html/plastrix/copyright5.html]
[webdesign-finder.com/html/plastrix/img/loading.png]
[webdesign-finder.com/html/plastrix/gallery-extended.html]
[webdesign-finder.com/html/plastrix/gallery-extended-2-cols.html]
[webdesign-finder.com/html/plastrix/gallery-extended-3-cols.html]
[webdesign-finder.com/html/plastrix/gallery-carousel.html]
[webdesign-finder.com/html/plastrix/gallery-carousel-2-cols.html]
[webdesign-finder.com/html/plastrix/gallery-carousel-3-cols.html]
[webdesign-finder.com/html/plastrix/images/gallery/18.jpg]
[webdesign-finder.com/html/plastrix/images/gallery/17.jpg]
[webdesign-finder.com/html/plastrix/gallery-tile.html]
[webdesign-finder.com/html/plastrix/gallery-left.html]
[webdesign-finder.com/html/plastrix/gallery-left-2-cols.html]
[webdesign-finder.com/html/plastrix/gallery-right.html]
[webdesign-finder.com/html/plastrix/gallery-right-2-cols.html]
[webdesign-finder.com/html/plastrix/gallery-single.html]
[webdesign-finder.com/html/plastrix/gallery-single2.html]
[webdesign-finder.com/html/plastrix/gallery-single3.html]
[webdesign-finder.com/html/plastrix/images/gallery/15.jpg]
[webdesign-finder.com/html/plastrix/images/faces/06.jpg]
[webdesign-finder.com/html/plastrix/blog-right.html]
[webdesign-finder.com/html/plastrix/blog-left.html]
[webdesign-finder.com/html/plastrix/blog-full.html]
[webdesign-finder.com/html/plastrix/blog-mosaic.html]
[webdesign-finder.com/html/plastrix/blog-single-right.html]
[webdesign-finder.com/html/plastrix/blog-single-left.html]
[webdesign-finder.com/html/plastrix/blog-single-full.html]
[webdesign-finder.com/html/plastrix/blog-single-video-right.html]
[webdesign-finder.com/html/plastrix/blog-single-video-left.html]
[webdesign-finder.com/html/plastrix/blog-single-video-full.html]
[webdesign-finder.com/html/plastrix/images/shop/01.jpg]
[webdesign-finder.com/html/plastrix/images/shop/02.jpg]
[webdesign-finder.com/html/plastrix/images/shop/03.jpg]
[webdesign-finder.com/html/plastrix/images/shop/04.jpg]
[webdesign-finder.com/html/plastrix/images/shop/05.jpg]
[webdesign-finder.com/html/plastrix/images/shop/06.jpg]
[webdesign-finder.com/html/plastrix/shop.html]
[webdesign-finder.com/html/plastrix/shop-product.html]
[webdesign-finder.com/html/plastrix/shop-cart.html]
[webdesign-finder.com/html/plastrix/shop-checkout.html]
[webdesign-finder.com/html/plastrix/shop-register.html]
[webdesign-finder.com/html/plastrix/contact.html]
[webdesign-finder.com/html/plastrix/contact2.html]
[webdesign-finder.com/html/plastrix/contact3.html]
[webdesign-finder.com/html/plastrix/contact4.html]
[webdesign-finder.com/html/plastrix/images/map_marker_icon.png]
[webdesign-finder.com/html/plastrix/service-single.html]
[webdesign-finder.com/html/plastrix/team-single.html]
[webdesign-finder.com/html/plastrix/blog-@@type.html]
[webdesign-finder.com/html/plastrix/contacts.html]
[webdesign-finder.com/html/plastrix/header_side5.html]
[webdesign-finder.com/html/plastrix/header_side6.html]
[webdesign-finder.com/html/plastrix/copyright5.html]
[webdesign-finder.com/html/plastrix/gallery-regular.html]
[webdesign-finder.com/html/plastrix/images/services/01.jpg]
[0.gravatar.com/avatar/indexc50c.html]
[webdesign-finder.com/html/plastrix/images/slide02.jpg]
[webdesign-finder.com/html/plastrix/images/slide01.jpg]
[webdesign-finder.com/html/plastrix/images/slide03.jpg]
[webdesign-finder.com/html/plastrix/images/quote-person.jpg]
[webdesign-finder.com/html/plastrix/images/services-square/02.jpg]
[webdesign-finder.com/html/plastrix/images/services-square/03.jpg]
[webdesign-finder.com/html/plastrix/images/services-square/04.jpg]
[webdesign-finder.com/html/plastrix/fonts/glyphicons-halflings-regular.eot]
[webdesign-finder.com/html/plastrix/images/services-square/05.jpg]
[webdesign-finder.com/html/plastrix/images/services-square/06.jpg]
[webdesign-finder.com/html/plastrix/images/gallery-square/01.jpg]
[webdesign-finder.com/html/plastrix/images/gallery/01.jpg]
[webdesign-finder.com/html/plastrix/images/gallery-square/02.jpg]
[webdesign-finder.com/html/plastrix/images/gallery/02.jpg]
[webdesign-finder.com/html/plastrix/images/gallery-square/03.jpg]
[webdesign-finder.com/html/plastrix/images/gallery/03.jpg]
[webdesign-finder.com/html/plastrix/images/gallery-square/04.jpg]
[webdesign-finder.com/html/plastrix/fonts/glyphicons-halflings-regular.woff]
[webdesign-finder.com/html/plastrix/images/gallery/05.jpg]
[webdesign-finder.com/html/plastrix/images/gallery/04.jpg]
[webdesign-finder.com/html/plastrix/images/gallery-square/05.jpg]
[webdesign-finder.com/html/plastrix/images/gallery-square/06.jpg]
[webdesign-finder.com/html/plastrix/images/gallery/06.jpg]
[webdesign-finder.com/html/plastrix/images/gallery-square/07.jpg]
[webdesign-finder.com/html/plastrix/fonts/glyphicons-halflings-regular.ttf]
[webdesign-finder.com/html/plastrix/images/gallery-square/09.jpg]
[webdesign-finder.com/html/plastrix/images/gallery/09.jpg]
[webdesign-finder.com/html/plastrix/images/gallery-square/08.jpg]
[webdesign-finder.com/html/plastrix/images/gallery/07.jpg]
[webdesign-finder.com/html/plastrix/images/gallery-square/10.jpg]
[webdesign-finder.com/html/plastrix/images/gallery-square/11.jpg]
[webdesign-finder.com/html/plastrix/images/gallery/10.jpg]
[webdesign-finder.com/html/plastrix/css/bootstrap.min.css]
[webdesign-finder.com/html/plastrix/fonts/glyphicons-halflings-regular.svg]
[webdesign-finder.com/html/plastrix/images/gallery-square/12.jpg]
[webdesign-finder.com/html/plastrix/images/gallery/11.jpg]
[webdesign-finder.com/html/plastrix/images/gallery/12.jpg]
[webdesign-finder.com/html/plastrix/images/team/01.jpg]
[webdesign-finder.com/html/plastrix/images/team/02.jpg]
[webdesign-finder.com/html/plastrix/images/team/03.jpg]
[webdesign-finder.com/html/plastrix/images/team/04.jpg]
[webdesign-finder.com/html/plastrix/images/partners/03.png]
[webdesign-finder.com/html/plastrix/images/partners/04.png]
[webdesign-finder.com/html/plastrix/images/partners/01.png]
[webdesign-finder.com/html/plastrix/images/partners/06.png]
[webdesign-finder.com/html/plastrix/images/partners/07.png]
[webdesign-finder.com/html/plastrix/images/gallery-square/13.jpg]
[webdesign-finder.com/html/plastrix/images/gallery-square/14.jpg]
[webdesign-finder.com/html/plastrix/images/logo-footer.png]
[webdesign-finder.com/html/plastrix/images/recent_post2.jpg]
[webdesign-finder.com/html/plastrix/fonts/rt-icons-23dab.eot]
[webdesign-finder.com/html/plastrix/fonts/rt-icons-23dab.svg]
[webdesign-finder.com/html/plastrix/fonts/rt-icons-2d41d.eot]
[webdesign-finder.com/html/plastrix/fonts/rt-icons-23dab.ttf]
[webdesign-finder.com/html/plastrix/fonts/rt-icons-23dab.woff]
[webdesign-finder.com/html/plastrix/images/team/05.jpg]
[webdesign-finder.com/html/plastrix/images/team/06.jpg]
[webdesign-finder.com/html/plastrix/images/faces/01.jpg]
[webdesign-finder.com/html/plastrix/images/faces/02.jpg]
[webdesign-finder.com/html/plastrix/fonts/sociconf25b.eot]
[webdesign-finder.com/html/plastrix/images/faces/03.jpg]
[webdesign-finder.com/html/plastrix/images/faces/04.jpg]
[webdesign-finder.com/html/plastrix/images/faces/05.jpg]
[webdesign-finder.com/html/plastrix/images/gallery/18.jpg]
[webdesign-finder.com/html/plastrix/images/gallery/17.jpg]
[webdesign-finder.com/html/plastrix/images/gallery/15.jpg]
[webdesign-finder.com/html/plastrix/images/faces/06.jpg]
[webdesign-finder.com/html/plastrix/images/shop/01.jpg]
[webdesign-finder.com/html/plastrix/images/shop/02.jpg]
[webdesign-finder.com/html/plastrix/images/shop/03.jpg]
[webdesign-finder.com/html/plastrix/fonts/sociconf25b.woff]
[webdesign-finder.com/html/plastrix/images/shop/04.jpg]
[webdesign-finder.com/html/plastrix/images/shop/06.jpg]
[webdesign-finder.com/html/plastrix/images/shop/05.jpg]
[webdesign-finder.com/html/plastrix/fonts/sociconf25b.svg]
[webdesign-finder.com/html/plastrix/images/map_marker_icon.png]
[webdesign-finder.com/html/plastrix/images/services/01.jpg]
[webdesign-finder.com/html/plastrix/fonts/glyphicons-halflings-regular.eot]
[webdesign-finder.com/html/plastrix/fonts/glyphicons-halflings-regulard41d.eot]
[webdesign-finder.com/html/plastrix/fonts/fontawesome-webfont5b62.eot]
[webdesign-finder.com/html/plastrix/fonts/glyphicons-halflings-regular.woff]
[webdesign-finder.com/html/plastrix/fonts/glyphicons-halflings-regular.ttf]
[webdesign-finder.com/html/plastrix/css/animations.css]
[webdesign-finder.com/html/plastrix/fonts/fontawesome-webfontd41d.eot]
[webdesign-finder.com/html/plastrix/css/fonts.css]
[webdesign-finder.com/html/plastrix/fonts/rt-icons-23dab.ttf]
[webdesign-finder.com/html/plastrix/css/shop.css]
[webdesign-finder.com/html/plastrix/fonts/fontawesome-webfont5b62.svg]
[webdesign-finder.com/html/plastrix/fonts/fontawesome-webfont5b62.ttf]
[webdesign-finder.com/html/plastrix/team-single.html]
[webdesign-finder.com/html/plastrix/css/main.css]
[webdesign-finder.com/html/plastrix/js/vendor/modernizr-2.6.2.min.js]
[webdesign-finder.com/html/plastrix/images/services-square/01.jpg]
[webdesign-finder.com/html/plastrix/images/partners/02.png]
[webdesign-finder.com/html/plastrix/blog-@@type.html]
[webdesign-finder.com/html/plastrix/images/partners/08.png]
[webdesign-finder.com/html/plastrix/js/main.js]
[webdesign-finder.com/html/plastrix/js/switcher.js]
[webdesign-finder.com/html/plastrix/js/compressed.js]
[webdesign-finder.com/html/plastrix/fonts/glyphicons-halflings-regular.html]
[webdesign-finder.com/html/plastrix/fonts/glyphicons-halflings-regular.svg]
[webdesign-finder.com/html/plastrix/css/animations.css]
[webdesign-finder.com/html/plastrix/fonts/rt-icons-23dab.svg]
[webdesign-finder.com/html/plastrix/fonts/sociconf25b.html]
[webdesign-finder.com/html/plastrix/fonts/sociconf25b.svg]
[webdesign-finder.com/html/plastrix/fonts/fontawesome-webfont5b62.html]
[webdesign-finder.com/html/plastrix/fonts/fontawesome-webfont5b62.svg]
[webdesign-finder.com/html/plastrix/images/quote.png]
[webdesign-finder.com/html/plastrix/img/owl.video.play.png]
[webdesign-finder.com/html/plastrix/img/prettyPhoto/facebook/default_thumbnail.gif]
[webdesign-finder.com/html/plastrix/img/prettyPhoto/facebook/default_thumbnail.gif]
[webdesign-finder.com/html/plastrix/img/parallax/texture.png]
[webdesign-finder.com/html/plastrix/fonts/sociconf25b.ttf]
[webdesign-finder.com/html/plastrix/img/parallax/texture-white.png]
[webdesign-finder.com/html/plastrix/img/background_section.png]
[webdesign-finder.com/html/plastrix/img/preloader.gif]
[webdesign-finder.com/html/plastrix/fonts/fontawesome-webfont5b62.woff]
[webdesign-finder.com/html/plastrix/img/parallax/quote-bg.png]
[webdesign-finder.com/html/plastrix/img/parallax/breadcrumbs-mask.png]
[webdesign-finder.com/html/plastrix/img/parallax/coming-soon.jpg]
[webdesign-finder.com/html/plastrix/img/parallax/404.jpg]
[webdesign-finder.com/html/plastrix/img/parallax/bottom.jpg]
[webdesign-finder.com/html/plastrix/css/main.css]
[webdesign-finder.com/html/plastrix/images/partners/05.png]
[webdesign-finder.com/html/plastrix/images/partners/09.png]
[webdesign-finder.com/html/plastrix/contacts.html]
[webdesign-finder.com/html/plastrix/img/parallax/texture.html]
[webdesign-finder.com/html/plastrix/img/parallax/texture-white.html]
[webdesign-finder.com/html/plastrix/img/parallax/breadcrumbs.jpg]
[webdesign-finder.com/html/plastrix/img/parallax/map.jpg]
